{"synthetic": false,
 "schemaVersion": "2025-09-10",
 "outputs":
 {"o": ["3898c2ea6429b16e.olean"],
  "m": false,
  "i": "118be83205072a21.ilean",
  "c": "79b29b0e8846ff63.c"},
 "log":
 [{"message":
   ".> LEAN_PATH=/Users/dmytro/.superset/projects/hoba.work/formal/.lake/build/lib/lean /Users/dmytro/.elan/toolchains/leanprover--lean4---v4.32.1/bin/lean /Users/dmytro/.superset/projects/hoba.work/formal/Hoba/Machine.lean -o /Users/dmytro/.superset/projects/hoba.work/formal/.lake/build/lib/lean/Hoba/Machine.olean -i /Users/dmytro/.superset/projects/hoba.work/formal/.lake/build/lib/lean/Hoba/Machine.ilean -c /Users/dmytro/.superset/projects/hoba.work/formal/.lake/build/ir/Hoba/Machine.c --setup /Users/dmytro/.superset/projects/hoba.work/formal/.lake/build/ir/Hoba/Machine.setup.json --json",
   "level": "trace"}],
 "inputs":
 [["Hoba.Machine:deps",
   [["deps",
     [["hoba/Hoba:extraDep", [["@hoba:extraDep", "00000000000006bb"]]],
      ["imports", "00000000000006bb"]]],
    ["libs",
     [["import dynlibs", "00000000000006bb"],
      ["package external libraries", "00000000000006bb"],
      ["module dynlibs", "00000000000006bb"],
      ["module plugins", "00000000000006bb"]]]]],
  ["Lean 4.32.1, commit f054605aea4b840552cca2e725580bffd1e1b704",
   "4ce1780d8d26fd00"],
  ["/Users/dmytro/.superset/projects/hoba.work/formal/Hoba/Machine.lean",
   "18fae81561298ebe"],
  ["options", "00000000000006bb"],
  ["isModule: false", "feefd2a0d3a1847e"],
  ["Module.name: Hoba.Machine", "9e71f9e605072691"],
  ["Package.id?: (some hoba)", "3a743efffee1c342"],
  ["Module.leanArgs: #[]", "00000000000006bb"]],
 "depHash": "b3984f76acb04796"}