{"synthetic": false,
 "schemaVersion": "2025-09-10",
 "outputs":
 {"o": ["a577bfd38fea93ab.olean"],
  "m": false,
  "i": "b568ea901c4e5789.ilean",
  "c": "f769885581ff0263.c"},
 "log":
 [{"message":
   ".> LEAN_PATH=/Users/dmytro/.superset/projects/hoba.work/formal/.lake/build/lib/lean /Users/dmytro/.elan/toolchains/leanprover--lean4---v4.32.1/bin/lean /Users/dmytro/.superset/projects/hoba.work/formal/Hoba/Theorems.lean -o /Users/dmytro/.superset/projects/hoba.work/formal/.lake/build/lib/lean/Hoba/Theorems.olean -i /Users/dmytro/.superset/projects/hoba.work/formal/.lake/build/lib/lean/Hoba/Theorems.ilean -c /Users/dmytro/.superset/projects/hoba.work/formal/.lake/build/ir/Hoba/Theorems.c --setup /Users/dmytro/.superset/projects/hoba.work/formal/.lake/build/ir/Hoba/Theorems.setup.json --json",
   "level": "trace"}],
 "inputs":
 [["Hoba.Theorems:deps",
   [["deps",
     [["hoba/Hoba:extraDep", [["@hoba:extraDep", "00000000000006bb"]]],
      ["imports",
       [["Hoba.Machine transitive imports (legacy)", "00000000000006bb"],
        ["Hoba.Machine:importAllArts", "3ae85c327bb35d2e"],
        ["Hoba.Data transitive imports (legacy)", "5e34c6d304936f28"],
        ["Hoba.Data:importAllArts", "ac4eaa6af2190125"]]]]],
    ["libs",
     [["import dynlibs", "00000000000006bb"],
      ["package external libraries", "00000000000006bb"],
      ["module dynlibs", "00000000000006bb"],
      ["module plugins", "00000000000006bb"]]]]],
  ["Lean 4.32.1, commit f054605aea4b840552cca2e725580bffd1e1b704",
   "4ce1780d8d26fd00"],
  ["/Users/dmytro/.superset/projects/hoba.work/formal/Hoba/Theorems.lean",
   "e25e36fc71f26e19"],
  ["options", "00000000000006bb"],
  ["isModule: false", "feefd2a0d3a1847e"],
  ["Module.name: Hoba.Theorems", "5390bb66a3b7f8a2"],
  ["Package.id?: (some hoba)", "3a743efffee1c342"],
  ["Module.leanArgs: #[]", "00000000000006bb"]],
 "depHash": "e290087caf2495ea"}