{"synthetic": false,
 "schemaVersion": "2025-09-10",
 "outputs":
 {"o": ["378cbfc680848861.olean"],
  "m": false,
  "i": "b830dd3ecd4121bf.ilean",
  "c": "29d9302707ea2392.c"},
 "log":
 [{"message":
   ".> LEAN_PATH=/Users/dmytro/.superset/projects/hoba.work/formal/.lake/build/lib/lean /Users/dmytro/.elan/toolchains/leanprover--lean4---v4.32.1/bin/lean /Users/dmytro/.superset/projects/hoba.work/formal/Hoba.lean -o /Users/dmytro/.superset/projects/hoba.work/formal/.lake/build/lib/lean/Hoba.olean -i /Users/dmytro/.superset/projects/hoba.work/formal/.lake/build/lib/lean/Hoba.ilean -c /Users/dmytro/.superset/projects/hoba.work/formal/.lake/build/ir/Hoba.c --setup /Users/dmytro/.superset/projects/hoba.work/formal/.lake/build/ir/Hoba.setup.json --json",
   "level": "trace"}],
 "inputs":
 [["Hoba:deps",
   [["deps",
     [["hoba/Hoba:extraDep", [["@hoba:extraDep", "00000000000006bb"]]],
      ["imports",
       [["Hoba.Machine transitive imports (legacy)", "00000000000006bb"],
        ["Hoba.Machine:importAllArts", "3ae85c327bb35d2e"],
        ["Hoba.Data transitive imports (legacy)", "5e34c6d304936f28"],
        ["Hoba.Data:importAllArts", "ac4eaa6af2190125"],
        ["Hoba.Theorems transitive imports (legacy)", "ca9abb31dc05ca97"],
        ["Hoba.Theorems:importAllArts", "f6be16b6177685f9"]]]]],
    ["libs",
     [["import dynlibs", "00000000000006bb"],
      ["package external libraries", "00000000000006bb"],
      ["module dynlibs", "00000000000006bb"],
      ["module plugins", "00000000000006bb"]]]]],
  ["Lean 4.32.1, commit f054605aea4b840552cca2e725580bffd1e1b704",
   "4ce1780d8d26fd00"],
  ["/Users/dmytro/.superset/projects/hoba.work/formal/Hoba.lean",
   "63147cc6c4171f18"],
  ["options", "00000000000006bb"],
  ["isModule: false", "feefd2a0d3a1847e"],
  ["Module.name: Hoba", "97e1266b3205800c"],
  ["Package.id?: (some hoba)", "3a743efffee1c342"],
  ["Module.leanArgs: #[]", "00000000000006bb"]],
 "depHash": "b5efd341f50b053c"}